
> accounting-flow@0.1.0 build
> tsc && vite build

src/components/dashboard/TransactionFeed.tsx(86,15): error TS2741: Property 'scope' is missing in type '{ id: `${string}-${string}-${string}-${string}-${string}`; date: string; description: string; vendor: string | undefined; debitAccount: string; creditAccount: string; amount: number; vat: number; type: EntryType; status: "Unconfirmed" | "Pending Review"; complianceContext: string; attachmentUrl: string | undefined; }' but required in type 'JournalEntry'.
src/components/journal/ManualEntryModal.tsx(38,15): error TS2741: Property 'scope' is missing in type '{ id: `${string}-${string}-${string}-${string}-${string}`; date: string; description: string; vendor: string | undefined; debitAccount: string; creditAccount: string; amount: number; vat: number; type: EntryType; status: "Approved"; version: number; }' but required in type 'JournalEntry'.
src/components/journal/StagingTable.tsx(284,121): error TS2322: Type '{ size: number; className: string; title: string; }' is not assignable to type 'IntrinsicAttributes & LucideProps'.
  Property 'title' does not exist on type 'IntrinsicAttributes & LucideProps'.
src/core_engine/ruleValidator.ts(64,20): error TS2551: Property 'attachments' does not exist on type 'JournalEntry'. Did you mean 'attachmentUrl'?
src/core_engine/ruleValidator.ts(64,41): error TS2551: Property 'attachments' does not exist on type 'JournalEntry'. Did you mean 'attachmentUrl'?
src/core_engine/ruleValidator.ts(147,17): error TS2353: Object literal may only specify known properties, and 'appliedRulePackId' does not exist in type 'JournalEntry'.
src/core_engine/SignalEngine.ts(85,48): error TS2339: Property 'evidenceType' does not exist on type 'JournalEntry'.
src/core_engine/SignalEngine.ts(85,66): error TS2339: Property 'evidenceType' does not exist on type 'JournalEntry'.
src/pages/AdvancedLedger.tsx(108,15): error TS2322: Type '{ id: string; date: string; description: string; debitAccount: string; creditAccount: string; amount: number; vat: number; type: "Asset"; status: "Approved"; version: number; }[]' is not assignable to type 'JournalEntry[]'.
  Property 'scope' is missing in type '{ id: string; date: string; description: string; debitAccount: string; creditAccount: string; amount: number; vat: number; type: "Asset"; status: "Approved"; version: number; }' but required in type 'JournalEntry'.
src/pages/ApprovalDesk.tsx(89,23): error TS2322: Type '{ id: `${string}-${string}-${string}-${string}-${string}`; date: string; description: string; vendor: string | undefined; debitAccount: string; creditAccount: string; amount: number; vat: number; taxBaseAmount: number | undefined; ... 5 more ...; auditTrail: string[]; }[]' is not assignable to type 'JournalEntry[]'.
  Property 'scope' is missing in type '{ id: `${string}-${string}-${string}-${string}-${string}`; date: string; description: string; vendor: string | undefined; debitAccount: string; creditAccount: string; amount: number; vat: number; taxBaseAmount: number | undefined; ... 5 more ...; auditTrail: string[]; }' but required in type 'JournalEntry'.
src/pages/DataMigration.tsx(78,19): error TS2322: Type '{ id: string; date: string; description: string; vendor: string | undefined; debitAccount: string; creditAccount: string; amount: number; vat: number; type: "Expense"; status: "Approved"; version: number; lastModifiedBy: string; complianceContext: string; }[]' is not assignable to type 'JournalEntry[]'.
  Property 'scope' is missing in type '{ id: string; date: string; description: string; vendor: string | undefined; debitAccount: string; creditAccount: string; amount: number; vat: number; type: "Expense"; status: "Approved"; version: number; lastModifiedBy: string; complianceContext: string; }' but required in type 'JournalEntry'.
src/pages/Journal.tsx(83,37): error TS2741: Property 'scope' is missing in type '{ id: string; date: string; description: string; amount: number; vat: number; accountName: string; entryType: "Expense"; vendor: string; reasoning: string; confidence: string; auditTrail: string[]; }' but required in type 'ParsedTransaction'.
src/pages/Journal.tsx(96,37): error TS2741: Property 'scope' is missing in type '{ id: string; date: string; description: string; amount: number; vat: number; accountName: string; entryType: "Payroll"; vendor: string; reasoning: string; confidence: string; auditTrail: string[]; }' but required in type 'ParsedTransaction'.
src/pages/Journal.tsx(109,37): error TS2741: Property 'scope' is missing in type '{ id: string; date: string; description: string; amount: number; vat: number; accountName: string; entryType: "Asset"; vendor: string; reasoning: string; confidence: string; auditTrail: string[]; }' but required in type 'ParsedTransaction'.
src/pages/LeaseLedger.tsx(48,20): error TS2345: Argument of type '{ id: string; date: string; description: string; debitAccount: string; creditAccount: string; amount: number; vat: number; type: "Expense"; status: "Approved"; auditTrail: string[]; }[]' is not assignable to parameter of type 'JournalEntry[]'.
  Property 'scope' is missing in type '{ id: string; date: string; description: string; debitAccount: string; creditAccount: string; amount: number; vat: number; type: "Expense"; status: "Approved"; auditTrail: string[]; }' but required in type 'JournalEntry'.
src/utils/mockDataGenerator.ts(144,17): error TS2345: Argument of type '{ id: string; date: string; description: string; vendor: string; debitAccount: string; creditAccount: string; amount: number; vat: number; type: "Equity"; status: "Approved"; }' is not assignable to parameter of type 'JournalEntry'.
  Property 'scope' is missing in type '{ id: string; date: string; description: string; vendor: string; debitAccount: string; creditAccount: string; amount: number; vat: number; type: "Equity"; status: "Approved"; }' but required in type 'JournalEntry'.
src/utils/mockDataGenerator.ts(171,17): error TS2345: Argument of type '{ id: string; date: string; description: string; vendor: string; debitAccount: string; creditAccount: string; amount: number; vat: number; type: "Revenue"; status: "Approved"; }' is not assignable to parameter of type 'JournalEntry'.
  Property 'scope' is missing in type '{ id: string; date: string; description: string; vendor: string; debitAccount: string; creditAccount: string; amount: number; vat: number; type: "Revenue"; status: "Approved"; }' but required in type 'JournalEntry'.
src/utils/mockDataGenerator.ts(187,21): error TS2345: Argument of type '{ id: string; date: string; description: string; vendor: string; debitAccount: string; creditAccount: string; amount: number; vat: number; type: "Payroll"; status: "Approved"; }' is not assignable to parameter of type 'JournalEntry'.
  Property 'scope' is missing in type '{ id: string; date: string; description: string; vendor: string; debitAccount: string; creditAccount: string; amount: number; vat: number; type: "Payroll"; status: "Approved"; }' but required in type 'JournalEntry'.
src/utils/mockDataGenerator.ts(202,17): error TS2345: Argument of type '{ id: string; date: string; description: string; vendor: string; debitAccount: string; creditAccount: string; amount: number; vat: number; type: "Expense"; status: "Unconfirmed"; }' is not assignable to parameter of type 'JournalEntry'.
  Property 'scope' is missing in type '{ id: string; date: string; description: string; vendor: string; debitAccount: string; creditAccount: string; amount: number; vat: number; type: "Expense"; status: "Unconfirmed"; }' but required in type 'JournalEntry'.
src/utils/mockDataGenerator.ts(215,17): error TS2345: Argument of type '{ id: string; date: string; description: string; vendor: string; debitAccount: string; creditAccount: string; amount: number; vat: number; type: "Expense"; status: "Pending Review"; }' is not assignable to parameter of type 'JournalEntry'.
  Property 'scope' is missing in type '{ id: string; date: string; description: string; vendor: string; debitAccount: string; creditAccount: string; amount: number; vat: number; type: "Expense"; status: "Pending Review"; }' but required in type 'JournalEntry'.
src/utils/mockDataGenerator.ts(230,17): error TS2345: Argument of type '{ id: string; date: string; description: string; vendor: string; debitAccount: string; creditAccount: string; amount: number; vat: number; type: "Expense"; status: "Unconfirmed"; }' is not assignable to parameter of type 'JournalEntry'.
  Property 'scope' is missing in type '{ id: string; date: string; description: string; vendor: string; debitAccount: string; creditAccount: string; amount: number; vat: number; type: "Expense"; status: "Unconfirmed"; }' but required in type 'JournalEntry'.
src/utils/mockDataGenerator.ts(244,17): error TS2345: Argument of type '{ id: string; date: string; description: string; vendor: string; debitAccount: string; creditAccount: string; amount: number; vat: number; type: "Expense"; status: "Unconfirmed"; }' is not assignable to parameter of type 'JournalEntry'.
  Property 'scope' is missing in type '{ id: string; date: string; description: string; vendor: string; debitAccount: string; creditAccount: string; amount: number; vat: number; type: "Expense"; status: "Unconfirmed"; }' but required in type 'JournalEntry'.
src/utils/mockDataGenerator.ts(258,17): error TS2345: Argument of type '{ id: string; date: string; description: string; vendor: string; debitAccount: string; creditAccount: string; amount: number; vat: number; type: "Expense"; status: "Unconfirmed"; }' is not assignable to parameter of type 'JournalEntry'.
  Property 'scope' is missing in type '{ id: string; date: string; description: string; vendor: string; debitAccount: string; creditAccount: string; amount: number; vat: number; type: "Expense"; status: "Unconfirmed"; }' but required in type 'JournalEntry'.
src/utils/mockDataGenerator.ts(272,17): error TS2345: Argument of type '{ id: string; date: string; description: string; vendor: string; debitAccount: string; creditAccount: string; amount: number; vat: number; type: "Expense"; status: "Unconfirmed"; }' is not assignable to parameter of type 'JournalEntry'.
  Property 'scope' is missing in type '{ id: string; date: string; description: string; vendor: string; debitAccount: string; creditAccount: string; amount: number; vat: number; type: "Expense"; status: "Unconfirmed"; }' but required in type 'JournalEntry'.
src/utils/mockDataGenerator.ts(286,17): error TS2345: Argument of type '{ id: string; date: string; description: string; vendor: string; debitAccount: string; creditAccount: string; amount: number; vat: number; type: "Expense"; status: "Approved"; }' is not assignable to parameter of type 'JournalEntry'.
  Property 'scope' is missing in type '{ id: string; date: string; description: string; vendor: string; debitAccount: string; creditAccount: string; amount: number; vat: number; type: "Expense"; status: "Approved"; }' but required in type 'JournalEntry'.
src/utils/mockDataGenerator.ts(299,17): error TS2345: Argument of type '{ id: string; date: string; description: string; vendor: string; debitAccount: string; creditAccount: string; amount: number; vat: number; type: "Revenue"; status: "Approved"; }' is not assignable to parameter of type 'JournalEntry'.
  Property 'scope' is missing in type '{ id: string; date: string; description: string; vendor: string; debitAccount: string; creditAccount: string; amount: number; vat: number; type: "Revenue"; status: "Approved"; }' but required in type 'JournalEntry'.
src/utils/mockDataGenerator.ts(361,5): error TS2741: Property 'scope' is missing in type '{ id: `${string}-${string}-${string}-${string}-${string}`; date: any; description: any; vendor: any; debitAccount: any; creditAccount: any; amount: any; vat: any; type: any; status: "Unconfirmed"; version: number; }' but required in type 'JournalEntry'.
